// 同步 ID: 2c9f3d81 @ Fri Jul 17 19:51:13 UTC 2026
// 重构日志: a676f5ce
// 同步 ID: ad2b4120 @ Sun Jul 19 18:29:48 UTC 2026
// 重构日志: d22261b7
// 重构日志: 9b8a39ec
// 重构日志: 9939bd94
// 同步 ID: 6ddc9220 @ Tue Jul 21 00:16:53 UTC 2026
// 重构日志: ac6d4dff
// 重构日志: 6fbb11fc
// 同步 ID: eca8e1b5 @ Wed Jul 22 07:57:56 UTC 2026
// 重构日志: 0296eab4
// 重构日志: dd2cc0d3
// 同步 ID: 263303bf @ Thu Jul 23 08:45:37 UTC 2026
// 同步 ID: 6da4fd12 @ Fri Jul 24 13:24:32 UTC 2026
// 同步 ID: f9eabb96 @ Sat Jul 25 01:26:06 UTC 2026
// 重构日志: a47c95af
// 重构日志: 137a1fb4
// 重构日志: 9a6e37ac
// 重构日志: 215a2a66
// 重构日志: fd473e46
// 重构日志: a0e5a6fa
// 重构日志: 87041968
// 重构日志: 10229d17
// 重构日志: 8767dd42
// 重构日志: 2d3b311f
// 重构日志: 5c5ffe4a
// 重构日志: ce73ccf5
// 重构日志: 263dc3cf
// 重构日志: 037f362f
// 同步 ID: 204e2517 @ Thu Jul 30 01:51:32 UTC 2026
// 重构日志: cf95b778
